[     128ms] [LOG] [Fast Refresh] rebuilding @ http://localhost:3000/_next/static/chunks/0vq0_next_dist_0yp3l26._.js:2431
[     140ms] [LOG] [Fast Refresh] done in 114ms @ http://localhost:3000/_next/static/chunks/0vq0_next_dist_0yp3l26._.js:2431
[     212ms] [INFO] %cDownload the React DevTools for a better development experience: https://react.dev/link/react-devtools font-weight:bold @ http://localhost:3000/_next/static/chunks/0vq0_next_dist_0yp3l26._.js:2431
[     226ms] [LOG] [HMR] connected @ http://localhost:3000/_next/static/chunks/0vq0_next_dist_0yp3l26._.js:2431
[  100378ms] [LOG] [HMR] connected @ http://localhost:3000/_next/static/chunks/0vq0_next_dist_0yp3l26._.js:2431
[ 1481424ms] [LOG] [Fast Refresh] rebuilding @ http://localhost:3000/_next/static/chunks/0vq0_next_dist_0yp3l26._.js:2431
[ 1481472ms] [LOG] [Fast Refresh] done in 74ms @ http://localhost:3000/_next/static/chunks/0vq0_next_dist_0yp3l26._.js:2431
[ 1510211ms] [ERROR] ./Desktop/appiq/src/components/SiteNav.tsx:56:17
Expected '</', got '='
  54 |         <div className="hidden items-center gap-2 lg:flex">
  55 |           <
> 56 |             href="#"
     |                 ^
  57 |             className="group relative overflow-hidden bg-[#6400FF] px-6 py-2.5 text-[11px]...
  58 |           >
  59 |             TEKLİF AL

Parsing ecmascript source code failed

Import trace:
  Server Component:
    ./Desktop/appiq/src/components/SiteNav.tsx
    ./Desktop/appiq/src/app/page.tsx @ http://localhost:3000/_next/static/chunks/0vq0_next_dist_0yp3l26._.js:3272
[ 1510340ms] [LOG] [Fast Refresh] rebuilding @ http://localhost:3000/_next/static/chunks/0vq0_next_dist_0yp3l26._.js:2431
[ 1510344ms] [ERROR] ./Desktop/appiq/src/components/SiteNav.tsx:56:17
Expected '</', got '='
  54 |         <div className="hidden items-center gap-2 lg:flex">
  55 |           <
> 56 |             href="#"
     |                 ^
  57 |             className="group relative overflow-hidden bg-[#6400FF] px-6 py-2.5 text-[11px]...
  58 |           >
  59 |             TEKLİF AL

Parsing ecmascript source code failed

Import trace:
  Server Component:
    ./Desktop/appiq/src/components/SiteNav.tsx
    ./Desktop/appiq/src/app/page.tsx @ http://localhost:3000/_next/static/chunks/0vq0_next_dist_0yp3l26._.js:3272
[ 1530541ms] [LOG] [Fast Refresh] rebuilding @ http://localhost:3000/_next/static/chunks/0vq0_next_dist_0yp3l26._.js:2431
[ 1530626ms] [LOG] [Fast Refresh] done in 39ms @ http://localhost:3000/_next/static/chunks/0vq0_next_dist_0yp3l26._.js:2431
[ 1563511ms] [LOG] [Fast Refresh] rebuilding @ http://localhost:3000/_next/static/chunks/0vq0_next_dist_0yp3l26._.js:2431
[ 1563539ms] [LOG] [Fast Refresh] done in 8ms @ http://localhost:3000/_next/static/chunks/0vq0_next_dist_0yp3l26._.js:2431
[ 1621863ms] [LOG] [Fast Refresh] rebuilding @ http://localhost:3000/_next/static/chunks/0vq0_next_dist_0yp3l26._.js:2431
[ 1621887ms] [LOG] [Fast Refresh] done in 30ms @ http://localhost:3000/_next/static/chunks/0vq0_next_dist_0yp3l26._.js:2431
[ 1627138ms] [LOG] [Fast Refresh] rebuilding @ http://localhost:3000/_next/static/chunks/0vq0_next_dist_0yp3l26._.js:2431
[ 1627168ms] [LOG] [Fast Refresh] done in 19ms @ http://localhost:3000/_next/static/chunks/0vq0_next_dist_0yp3l26._.js:2431
[ 1633720ms] [LOG] [Fast Refresh] rebuilding @ http://localhost:3000/_next/static/chunks/0vq0_next_dist_0yp3l26._.js:2431
[ 1633746ms] [LOG] [Fast Refresh] done in 27ms @ http://localhost:3000/_next/static/chunks/0vq0_next_dist_0yp3l26._.js:2431
[ 1648299ms] [LOG] [Fast Refresh] rebuilding @ http://localhost:3000/_next/static/chunks/0vq0_next_dist_0yp3l26._.js:2431
[ 1648349ms] [LOG] [Fast Refresh] done in 25ms @ http://localhost:3000/_next/static/chunks/0vq0_next_dist_0yp3l26._.js:2431
[ 1677155ms] [LOG] [Fast Refresh] rebuilding @ http://localhost:3000/_next/static/chunks/0vq0_next_dist_0yp3l26._.js:2431
[ 1677186ms] [LOG] [Fast Refresh] done in 62ms @ http://localhost:3000/_next/static/chunks/0vq0_next_dist_0yp3l26._.js:2431
[ 1708385ms] [LOG] [Fast Refresh] rebuilding @ http://localhost:3000/_next/static/chunks/0vq0_next_dist_0yp3l26._.js:2431
[ 1708605ms] [LOG] [Fast Refresh] done in 63ms @ http://localhost:3000/_next/static/chunks/0vq0_next_dist_0yp3l26._.js:2431
[ 1708611ms] [WARNING] %c%s%c ⚠ metadataBase property in metadata export is not set for resolving social open graph or twitter images, using "http://localhost:3000". See https://nextjs.org/docs/app/api-reference/functions/generate-metadata#metadatabase background: #e6e6e6;background: light-dark(rgba(0,0,0,0.1), rgba(255,255,255,0.25));color: #000000;color: light-dark(#000000, #ffffff);border-radius: 2px  Server   @ http://localhost:3000/_next/static/chunks/0vq0_next_dist_0yp3l26._.js:2431
[ 1708613ms] [WARNING] [Fast Refresh] performing full reload

Fast Refresh will perform a full reload when you edit a file that's imported by modules outside of the React rendering tree.
You might have a file which exports a React component but also exports a value that is imported by a non-React component file.
Consider migrating the non-React component export to a separate file and importing it into both files.

It is also possible the parent component of the component you edited is a class component, which disables Fast Refresh.
Fast Refresh requires at least one parent function component in your React tree. @ http://localhost:3000/_next/static/chunks/0vq0_next_dist_0yp3l26._.js:2431
[ 1708775ms] [LOG] [Fast Refresh] rebuilding @ http://localhost:3000/_next/static/chunks/0vq0_next_dist_0yp3l26._.js:2431
[ 1708836ms] [LOG] [Fast Refresh] done in 163ms @ http://localhost:3000/_next/static/chunks/0vq0_next_dist_0yp3l26._.js:2431
[ 1709016ms] [INFO] %cDownload the React DevTools for a better development experience: https://react.dev/link/react-devtools font-weight:bold @ http://localhost:3000/_next/static/chunks/0vq0_next_dist_0yp3l26._.js:2431
[ 1709036ms] [LOG] [HMR] connected @ http://localhost:3000/_next/static/chunks/0vq0_next_dist_0yp3l26._.js:2431
[ 1711308ms] [LOG] [Fast Refresh] rebuilding @ http://localhost:3000/_next/static/chunks/0vq0_next_dist_0yp3l26._.js:2431
[ 1711480ms] [LOG] [Fast Refresh] done in 273ms @ http://localhost:3000/_next/static/chunks/0vq0_next_dist_0yp3l26._.js:2431
