[     146ms] [INFO] %cDownload the React DevTools for a better development experience: https://react.dev/link/react-devtools font-weight:bold @ http://localhost:3000/_next/static/chunks/0vq0_next_dist_0yp3l26._.js:2431
[     157ms] [LOG] [HMR] connected @ http://localhost:3000/_next/static/chunks/0vq0_next_dist_0yp3l26._.js:2431
[   51920ms] [LOG] [Fast Refresh] rebuilding @ http://localhost:3000/_next/static/chunks/0vq0_next_dist_0yp3l26._.js:2431
[   51948ms] [LOG] [Fast Refresh] done in 38ms @ http://localhost:3000/_next/static/chunks/0vq0_next_dist_0yp3l26._.js:2431
[   75875ms] [LOG] [Fast Refresh] rebuilding @ http://localhost:3000/_next/static/chunks/0vq0_next_dist_0yp3l26._.js:2431
[   75904ms] [LOG] [Fast Refresh] done in 38ms @ http://localhost:3000/_next/static/chunks/0vq0_next_dist_0yp3l26._.js:2431
[   96402ms] [LOG] [Fast Refresh] rebuilding @ http://localhost:3000/_next/static/chunks/0vq0_next_dist_0yp3l26._.js:2431
[   96566ms] [LOG] [Fast Refresh] done in 53ms @ http://localhost:3000/_next/static/chunks/0vq0_next_dist_0yp3l26._.js:2431
[   96605ms] [WARNING] [Fast Refresh] performing full reload

Fast Refresh will perform a full reload when you edit a file that's imported by modules outside of the React rendering tree.
You might have a file which exports a React component but also exports a value that is imported by a non-React component file.
Consider migrating the non-React component export to a separate file and importing it into both files.

It is also possible the parent component of the component you edited is a class component, which disables Fast Refresh.
Fast Refresh requires at least one parent function component in your React tree. @ http://localhost:3000/_next/static/chunks/0vq0_next_dist_0yp3l26._.js:2431
[   96888ms] [INFO] %cDownload the React DevTools for a better development experience: https://react.dev/link/react-devtools font-weight:bold @ http://localhost:3000/_next/static/chunks/0vq0_next_dist_0yp3l26._.js:2431
[   96917ms] [LOG] [HMR] connected @ http://localhost:3000/_next/static/chunks/0vq0_next_dist_0yp3l26._.js:2431
[   98205ms] [LOG] [Fast Refresh] rebuilding @ http://localhost:3000/_next/static/chunks/0vq0_next_dist_0yp3l26._.js:2431
[   98337ms] [LOG] [Fast Refresh] done in 233ms @ http://localhost:3000/_next/static/chunks/0vq0_next_dist_0yp3l26._.js:2431
[  115759ms] [LOG] [Fast Refresh] rebuilding @ http://localhost:3000/_next/static/chunks/0vq0_next_dist_0yp3l26._.js:2431
[  115784ms] [LOG] [Fast Refresh] done in 29ms @ http://localhost:3000/_next/static/chunks/0vq0_next_dist_0yp3l26._.js:2431
[  118157ms] [LOG] [Fast Refresh] rebuilding @ http://localhost:3000/_next/static/chunks/0vq0_next_dist_0yp3l26._.js:2431
[  118184ms] [LOG] [Fast Refresh] done in 46ms @ http://localhost:3000/_next/static/chunks/0vq0_next_dist_0yp3l26._.js:2431
[  120508ms] [LOG] [Fast Refresh] rebuilding @ http://localhost:3000/_next/static/chunks/0vq0_next_dist_0yp3l26._.js:2431
[  120564ms] [LOG] [Fast Refresh] done in 27ms @ http://localhost:3000/_next/static/chunks/0vq0_next_dist_0yp3l26._.js:2431
[  128391ms] [LOG] [Fast Refresh] rebuilding @ http://localhost:3000/_next/static/chunks/0vq0_next_dist_0yp3l26._.js:2431
[  128444ms] [LOG] [Fast Refresh] done in 18ms @ http://localhost:3000/_next/static/chunks/0vq0_next_dist_0yp3l26._.js:2431
