[     111ms] [INFO] %cDownload the React DevTools for a better development experience: https://react.dev/link/react-devtools font-weight:bold @ http://localhost:3000/_next/static/chunks/0vq0_next_dist_0yp3l26._.js:2431
[     121ms] [LOG] [HMR] connected @ http://localhost:3000/_next/static/chunks/0vq0_next_dist_0yp3l26._.js:2431
[   50311ms] [LOG] [Fast Refresh] rebuilding @ http://localhost:3000/_next/static/chunks/0vq0_next_dist_0yp3l26._.js:2431
[   50365ms] [LOG] [Fast Refresh] done in 40ms @ http://localhost:3000/_next/static/chunks/0vq0_next_dist_0yp3l26._.js:2431
[   52177ms] [LOG] [Fast Refresh] rebuilding @ http://localhost:3000/_next/static/chunks/0vq0_next_dist_0yp3l26._.js:2431
[   52215ms] [LOG] [Fast Refresh] done in 5ms @ http://localhost:3000/_next/static/chunks/0vq0_next_dist_0yp3l26._.js:2431
[   53518ms] [LOG] [Fast Refresh] rebuilding @ http://localhost:3000/_next/static/chunks/0vq0_next_dist_0yp3l26._.js:2431
[   53559ms] [LOG] [Fast Refresh] done in 30ms @ http://localhost:3000/_next/static/chunks/0vq0_next_dist_0yp3l26._.js:2431
[  155704ms] [LOG] [Fast Refresh] rebuilding @ http://localhost:3000/_next/static/chunks/0vq0_next_dist_0yp3l26._.js:2431
[  155870ms] [LOG] [Fast Refresh] done in 54ms @ http://localhost:3000/_next/static/chunks/0vq0_next_dist_0yp3l26._.js:2431
[  155872ms] [WARNING] %c%s%c ⚠ metadataBase property in metadata export is not set for resolving social open graph or twitter images, using "http://localhost:3000". See https://nextjs.org/docs/app/api-reference/functions/generate-metadata#metadatabase background: #e6e6e6;background: light-dark(rgba(0,0,0,0.1), rgba(255,255,255,0.25));color: #000000;color: light-dark(#000000, #ffffff);border-radius: 2px  Server   @ http://localhost:3000/_next/static/chunks/0vq0_next_dist_0yp3l26._.js:2431
[  192017ms] [LOG] [Fast Refresh] rebuilding @ http://localhost:3000/_next/static/chunks/0vq0_next_dist_0yp3l26._.js:2431
[  192159ms] [LOG] [Fast Refresh] done in 83ms @ http://localhost:3000/_next/static/chunks/0vq0_next_dist_0yp3l26._.js:2431
[  285982ms] [LOG] [Fast Refresh] rebuilding @ http://localhost:3000/_next/static/chunks/0vq0_next_dist_0yp3l26._.js:2431
[  286046ms] [LOG] [Fast Refresh] done in 36ms @ http://localhost:3000/_next/static/chunks/0vq0_next_dist_0yp3l26._.js:2431
[  286166ms] [LOG] [Fast Refresh] rebuilding @ http://localhost:3000/_next/static/chunks/0vq0_next_dist_0yp3l26._.js:2431
[  286236ms] [LOG] [Fast Refresh] done in 170ms @ http://localhost:3000/_next/static/chunks/0vq0_next_dist_0yp3l26._.js:2431
[  301340ms] [LOG] [Fast Refresh] rebuilding @ http://localhost:3000/_next/static/chunks/0vq0_next_dist_0yp3l26._.js:2431
[  301368ms] [LOG] [Fast Refresh] done in 25ms @ http://localhost:3000/_next/static/chunks/0vq0_next_dist_0yp3l26._.js:2431
[  306700ms] [ERROR] ./Desktop/appiq/src/components/SiteNav.tsx:46:13
Expected '</', got 'jsx text'
  44 |             App<span className="text-[#6400FF]">IQ</span>
  45 |           </span>
> 46 |         </a>
     |             ^^^^^^^^^^^^^^^^^^^^^^^^^^^^^^^^^^^^^^^^^^^^^^^^^^^^^^^^^^^^^^^^^^^^^^^^^^^^^^^^^
> 47 |
     | ^
> 48 |         <div className="hidden items-center gap-1 lg:flex">
     | ^^^^^^^^
  49 |           {LINKS.map(([l, href]) => (
  50 |             <a
  51 |               key={l}

Parsing ecmascript source code failed

Import trace:
  Server Component:
    ./Desktop/appiq/src/components/SiteNav.tsx
    ./Desktop/appiq/src/app/page.tsx @ http://localhost:3000/_next/static/chunks/0vq0_next_dist_0yp3l26._.js:3272
[  306741ms] [LOG] [Fast Refresh] rebuilding @ http://localhost:3000/_next/static/chunks/0vq0_next_dist_0yp3l26._.js:2431
[  307741ms] [ERROR] ./Desktop/appiq/src/components/SiteNav.tsx:46:13
Expected '</', got 'jsx text'
  44 |             App<span className="text-[#6400FF]">IQ</span>
  45 |           </span>
> 46 |         </a>
     |             ^^^^^^^^^^^^^^^^^^^^^^^^^^^^^^^^^^^^^^^^^^^^^^^^^^^^^^^^^^^^^^^^^^^^^^^^^^^^^^^^^
> 47 |
     | ^
> 48 |         <div className="hidden items-center gap-1 lg:flex">
     | ^^^^^^^^
  49 |           {LINKS.map(([l, href]) => (
  50 |             <a
  51 |               key={l}

Parsing ecmascript source code failed

Import trace:
  Server Component:
    ./Desktop/appiq/src/components/SiteNav.tsx
    ./Desktop/appiq/src/app/page.tsx @ http://localhost:3000/_next/static/chunks/0vq0_next_dist_0yp3l26._.js:3272
[  307804ms] [LOG] [Fast Refresh] rebuilding @ http://localhost:3000/_next/static/chunks/0vq0_next_dist_0yp3l26._.js:2431
[  313170ms] [LOG] [Fast Refresh] rebuilding @ http://localhost:3000/_next/static/chunks/0vq0_next_dist_0yp3l26._.js:2431
[  313347ms] [LOG] [Fast Refresh] done in 141ms @ http://localhost:3000/_next/static/chunks/0vq0_next_dist_0yp3l26._.js:2431
[  313574ms] [LOG] [Fast Refresh] rebuilding @ http://localhost:3000/_next/static/chunks/0vq0_next_dist_0yp3l26._.js:2431
[  313720ms] [LOG] [Fast Refresh] done in 249ms @ http://localhost:3000/_next/static/chunks/0vq0_next_dist_0yp3l26._.js:2431
[  320596ms] [LOG] [Fast Refresh] rebuilding @ http://localhost:3000/_next/static/chunks/0vq0_next_dist_0yp3l26._.js:2431
[  320621ms] [LOG] [Fast Refresh] done in 33ms @ http://localhost:3000/_next/static/chunks/0vq0_next_dist_0yp3l26._.js:2431
[  328907ms] [LOG] [Fast Refresh] rebuilding @ http://localhost:3000/_next/static/chunks/0vq0_next_dist_0yp3l26._.js:2431
[  328936ms] [LOG] [Fast Refresh] done in 29ms @ http://localhost:3000/_next/static/chunks/0vq0_next_dist_0yp3l26._.js:2431
[  337343ms] [LOG] [Fast Refresh] rebuilding @ http://localhost:3000/_next/static/chunks/0vq0_next_dist_0yp3l26._.js:2431
[  337364ms] [LOG] [Fast Refresh] done in 35ms @ http://localhost:3000/_next/static/chunks/0vq0_next_dist_0yp3l26._.js:2431
[  343909ms] [LOG] [Fast Refresh] rebuilding @ http://localhost:3000/_next/static/chunks/0vq0_next_dist_0yp3l26._.js:2431
[  343949ms] [LOG] [Fast Refresh] done in 24ms @ http://localhost:3000/_next/static/chunks/0vq0_next_dist_0yp3l26._.js:2431
[  351487ms] [LOG] [Fast Refresh] rebuilding @ http://localhost:3000/_next/static/chunks/0vq0_next_dist_0yp3l26._.js:2431
[  351625ms] [LOG] [Fast Refresh] done in 95ms @ http://localhost:3000/_next/static/chunks/0vq0_next_dist_0yp3l26._.js:2431
[  351978ms] [LOG] [Fast Refresh] rebuilding @ http://localhost:3000/_next/static/chunks/0vq0_next_dist_0yp3l26._.js:2431
[  352009ms] [LOG] [Fast Refresh] done in 132ms @ http://localhost:3000/_next/static/chunks/0vq0_next_dist_0yp3l26._.js:2431
[  383459ms] [LOG] [Fast Refresh] rebuilding @ http://localhost:3000/_next/static/chunks/0vq0_next_dist_0yp3l26._.js:2431
[  383581ms] [LOG] [Fast Refresh] done in 77ms @ http://localhost:3000/_next/static/chunks/0vq0_next_dist_0yp3l26._.js:2431
[  383684ms] [LOG] [Fast Refresh] rebuilding @ http://localhost:3000/_next/static/chunks/0vq0_next_dist_0yp3l26._.js:2431
[  383701ms] [LOG] [Fast Refresh] done in 117ms @ http://localhost:3000/_next/static/chunks/0vq0_next_dist_0yp3l26._.js:2431
[  383855ms] [LOG] [Fast Refresh] rebuilding @ http://localhost:3000/_next/static/chunks/0vq0_next_dist_0yp3l26._.js:2431
[  383941ms] [LOG] [Fast Refresh] done in 186ms @ http://localhost:3000/_next/static/chunks/0vq0_next_dist_0yp3l26._.js:2431
[  402750ms] [LOG] [Fast Refresh] rebuilding @ http://localhost:3000/_next/static/chunks/0vq0_next_dist_0yp3l26._.js:2431
[  402842ms] [LOG] [Fast Refresh] done in 28ms @ http://localhost:3000/_next/static/chunks/0vq0_next_dist_0yp3l26._.js:2431
[  407852ms] [ERROR] ./Desktop/appiq/src/app/iletisim/page.tsx:13:7
the name `CONTACT_EMAIL` is defined multiple times
  11 | };
  12 |
> 13 | const CONTACT_EMAIL = "appiq.development@gmail.com";
     |       ^^^^^^^^^^^^^
  14 |
  15 | const POINTS = [
  16 |   ["E-posta", CONTACT_EMAIL],

Ecmascript file had an error @ http://localhost:3000/_next/static/chunks/0vq0_next_dist_0yp3l26._.js:3272
[  407892ms] [LOG] [Fast Refresh] rebuilding @ http://localhost:3000/_next/static/chunks/0vq0_next_dist_0yp3l26._.js:2431
[  412728ms] [LOG] [Fast Refresh] rebuilding @ http://localhost:3000/_next/static/chunks/0vq0_next_dist_0yp3l26._.js:2431
[  412810ms] [LOG] [Fast Refresh] done in 28ms @ http://localhost:3000/_next/static/chunks/0vq0_next_dist_0yp3l26._.js:2431
[  548841ms] [LOG] [Fast Refresh] rebuilding @ http://localhost:3000/_next/static/chunks/0vq0_next_dist_0yp3l26._.js:2431
[  548896ms] [LOG] [Fast Refresh] done in 35ms @ http://localhost:3000/_next/static/chunks/0vq0_next_dist_0yp3l26._.js:2431
[  549006ms] [LOG] [Fast Refresh] rebuilding @ http://localhost:3000/_next/static/chunks/0vq0_next_dist_0yp3l26._.js:2431
[  549032ms] [LOG] [Fast Refresh] done in 128ms @ http://localhost:3000/_next/static/chunks/0vq0_next_dist_0yp3l26._.js:2431
[  556518ms] [LOG] [Fast Refresh] rebuilding @ http://localhost:3000/_next/static/chunks/0vq0_next_dist_0yp3l26._.js:2431
[  556557ms] [LOG] [Fast Refresh] done in 43ms @ http://localhost:3000/_next/static/chunks/0vq0_next_dist_0yp3l26._.js:2431
[  558502ms] [LOG] [Fast Refresh] rebuilding @ http://localhost:3000/_next/static/chunks/0vq0_next_dist_0yp3l26._.js:2431
[  558656ms] [LOG] [Fast Refresh] done in 65ms @ http://localhost:3000/_next/static/chunks/0vq0_next_dist_0yp3l26._.js:2431
[  560165ms] [LOG] [Fast Refresh] rebuilding @ http://localhost:3000/_next/static/chunks/0vq0_next_dist_0yp3l26._.js:2431
[  560210ms] [LOG] [Fast Refresh] done in 44ms @ http://localhost:3000/_next/static/chunks/0vq0_next_dist_0yp3l26._.js:2431
[  560311ms] [LOG] [Fast Refresh] rebuilding @ http://localhost:3000/_next/static/chunks/0vq0_next_dist_0yp3l26._.js:2431
[  560322ms] [LOG] [Fast Refresh] done in 112ms @ http://localhost:3000/_next/static/chunks/0vq0_next_dist_0yp3l26._.js:2431
