[     188ms] [INFO] %cDownload the React DevTools for a better development experience: https://react.dev/link/react-devtools font-weight:bold @ http://localhost:3000/_next/static/chunks/0vq0_next_dist_0yp3l26._.js:2431
[     225ms] [LOG] [HMR] connected @ http://localhost:3000/_next/static/chunks/0vq0_next_dist_0yp3l26._.js:2431
[  537219ms] [LOG] [Fast Refresh] rebuilding @ http://localhost:3000/_next/static/chunks/0vq0_next_dist_0yp3l26._.js:2431
[  537400ms] [LOG] [Fast Refresh] done in 117ms @ http://localhost:3000/_next/static/chunks/0vq0_next_dist_0yp3l26._.js:2431
[  545926ms] [ERROR] ./Desktop/appiq/src/components/Projects.tsx:79:11
Expected '</', got ')'
  77 |               </div>
  78 |             </a>
> 79 |           ))}
     |           ^
  80 |         </div>
  81 |       </div>
  82 |     </section>

Parsing ecmascript source code failed

Import trace:
  Server Component:
    ./Desktop/appiq/src/components/Projects.tsx
    ./Desktop/appiq/src/app/hizmetler/page.tsx @ http://localhost:3000/_next/static/chunks/0vq0_next_dist_0yp3l26._.js:3272
[  545973ms] [LOG] [Fast Refresh] rebuilding @ http://localhost:3000/_next/static/chunks/0vq0_next_dist_0yp3l26._.js:2431
[  548108ms] [ERROR] ./Desktop/appiq/src/components/Projects.tsx:79:11
Expected '</', got ')'
  77 |               </div>
  78 |             </a>
> 79 |           ))}
     |           ^
  80 |         </div>
  81 |       </div>
  82 |     </section>

Parsing ecmascript source code failed

Import trace:
  Server Component:
    ./Desktop/appiq/src/components/Projects.tsx
    ./Desktop/appiq/src/app/hizmetler/page.tsx @ http://localhost:3000/_next/static/chunks/0vq0_next_dist_0yp3l26._.js:3272
[  548173ms] [LOG] [Fast Refresh] rebuilding @ http://localhost:3000/_next/static/chunks/0vq0_next_dist_0yp3l26._.js:2431
[  560905ms] [LOG] [Fast Refresh] rebuilding @ http://localhost:3000/_next/static/chunks/0vq0_next_dist_0yp3l26._.js:2431
[  560959ms] [LOG] [Fast Refresh] done in 50ms @ http://localhost:3000/_next/static/chunks/0vq0_next_dist_0yp3l26._.js:2431
[  616037ms] [LOG] [Fast Refresh] rebuilding @ http://localhost:3000/_next/static/chunks/0vq0_next_dist_0yp3l26._.js:2431
[  616245ms] [WARNING] [Fast Refresh] performing full reload

Fast Refresh will perform a full reload when you edit a file that's imported by modules outside of the React rendering tree.
You might have a file which exports a React component but also exports a value that is imported by a non-React component file.
Consider migrating the non-React component export to a separate file and importing it into both files.

It is also possible the parent component of the component you edited is a class component, which disables Fast Refresh.
Fast Refresh requires at least one parent function component in your React tree. @ http://localhost:3000/_next/static/chunks/0vq0_next_dist_0yp3l26._.js:2431
[  616246ms] [LOG] [Fast Refresh] done in 241ms @ http://localhost:3000/_next/static/chunks/0vq0_next_dist_0yp3l26._.js:2431
[  616795ms] [INFO] %cDownload the React DevTools for a better development experience: https://react.dev/link/react-devtools font-weight:bold @ http://localhost:3000/_next/static/chunks/0vq0_next_dist_0yp3l26._.js:2431
[  616808ms] [LOG] [HMR] connected @ http://localhost:3000/_next/static/chunks/0vq0_next_dist_0yp3l26._.js:2431
[  619944ms] [WARNING] The resource http://localhost:3000/_next/static/media/caa3a2e1cccd8315-s.p.09~u27dqhyhd6.woff2 was preloaded using link preload but not used within a few seconds from the window's load event. Please make sure it has an appropriate `as` value and it is preloaded intentionally. @ http://localhost:3000/:0
[  619944ms] [WARNING] The resource http://localhost:3000/_next/static/media/797e433ab948586e-s.p.08e28id.o-okb.woff2 was preloaded using link preload but not used within a few seconds from the window's load event. Please make sure it has an appropriate `as` value and it is preloaded intentionally. @ http://localhost:3000/:0
