[     184ms] [INFO] %cDownload the React DevTools for a better development experience: https://react.dev/link/react-devtools font-weight:bold @ http://localhost:3000/_next/static/chunks/0vq0_next_dist_0yp3l26._.js:2431
[     198ms] [LOG] [HMR] connected @ http://localhost:3000/_next/static/chunks/0vq0_next_dist_0yp3l26._.js:2431
[  112763ms] [LOG] [Fast Refresh] rebuilding @ http://localhost:3000/_next/static/chunks/0vq0_next_dist_0yp3l26._.js:2431
[  112773ms] [ERROR] ./Desktop/appiq/src/components/SiteNav.tsx:145:1
Unexpected token. Did you mean `{'}'}` or `&rbrace;`?
  143 |     </nav>
  144 |   );
> 145 | }
      | ^
  146 |

Parsing ecmascript source code failed

Import trace:
  Server Component:
    ./Desktop/appiq/src/components/SiteNav.tsx
    ./Desktop/appiq/src/app/page.tsx @ http://localhost:3000/_next/static/chunks/0vq0_next_dist_0yp3l26._.js:3272
[  112911ms] [LOG] [Fast Refresh] rebuilding @ http://localhost:3000/_next/static/chunks/0vq0_next_dist_0yp3l26._.js:2431
[  112913ms] [ERROR] ./Desktop/appiq/src/components/SiteNav.tsx:145:1
Unexpected token. Did you mean `{'}'}` or `&rbrace;`?
  143 |     </nav>
  144 |   );
> 145 | }
      | ^
  146 |

Parsing ecmascript source code failed

Import trace:
  Server Component:
    ./Desktop/appiq/src/components/SiteNav.tsx
    ./Desktop/appiq/src/app/page.tsx @ http://localhost:3000/_next/static/chunks/0vq0_next_dist_0yp3l26._.js:3272
[  124667ms] [ERROR] ./Desktop/appiq/src/components/SiteNav.tsx:142:15
Expected '</', got 'jsx text'
  140 |             Teklif Al
  141 |           </Link>
> 142 |         </nav>
      |               ^^^^^^^^^^^^^^^^^^^^^^^^^^^^^^^^^^^^^^^^^^^^^^^^^^^^^^^^^^^^^^^^^^^^^^^^^^^^^^
> 143 |       </div>
      | ^^^^^^
  144 |     </nav>
  145 |   );
  146 | }

Parsing ecmascript source code failed

Import trace:
  Server Component:
    ./Desktop/appiq/src/components/SiteNav.tsx
    ./Desktop/appiq/src/app/page.tsx @ http://localhost:3000/_next/static/chunks/0vq0_next_dist_0yp3l26._.js:3272
[  124695ms] [LOG] [Fast Refresh] rebuilding @ http://localhost:3000/_next/static/chunks/0vq0_next_dist_0yp3l26._.js:2431
[  129692ms] [LOG] [Fast Refresh] rebuilding @ http://localhost:3000/_next/static/chunks/0vq0_next_dist_0yp3l26._.js:2431
[  129803ms] [LOG] [Fast Refresh] done in 61ms @ http://localhost:3000/_next/static/chunks/0vq0_next_dist_0yp3l26._.js:2431
