[     163ms] [INFO] %cDownload the React DevTools for a better development experience: https://react.dev/link/react-devtools font-weight:bold @ http://localhost:3000/_next/static/chunks/0vq0_next_dist_0yp3l26._.js:2431
[     175ms] [LOG] [HMR] connected @ http://localhost:3000/_next/static/chunks/0vq0_next_dist_0yp3l26._.js:2431
[  227676ms] [LOG] [Fast Refresh] rebuilding @ http://localhost:3000/_next/static/chunks/0vq0_next_dist_0yp3l26._.js:2431
[  227825ms] [LOG] [Fast Refresh] done in 58ms @ http://localhost:3000/_next/static/chunks/0vq0_next_dist_0yp3l26._.js:2431
[  227920ms] ReferenceError: WhoBuiltThis is not defined
    at Home (about://React/Server/file:///Users/oktaytopraksoy/Desktop/appiq/.next/dev/server/chunks/ssr/%5Broot-of-the-server%5D__11km9~q._.js?204:1958:293)
    at resolveErrorDev (http://localhost:3000/_next/static/chunks/0vq0_next_dist_compiled_react-server-dom-turbopack_0pw9lmj._.js:1919:105)
    at processFullStringRow (http://localhost:3000/_next/static/chunks/0vq0_next_dist_compiled_react-server-dom-turbopack_0pw9lmj._.js:2434:29)
    at processFullBinaryRow (http://localhost:3000/_next/static/chunks/0vq0_next_dist_compiled_react-server-dom-turbopack_0pw9lmj._.js:2393:9)
    at processBinaryChunk (http://localhost:3000/_next/static/chunks/0vq0_next_dist_compiled_react-server-dom-turbopack_0pw9lmj._.js:2502:221)
    at progress (http://localhost:3000/_next/static/chunks/0vq0_next_dist_compiled_react-server-dom-turbopack_0pw9lmj._.js:2689:13)
[  228660ms] [LOG] [Fast Refresh] rebuilding @ http://localhost:3000/_next/static/chunks/0vq0_next_dist_0yp3l26._.js:2431
[  228699ms] [LOG] [Fast Refresh] done in 17ms @ http://localhost:3000/_next/static/chunks/0vq0_next_dist_0yp3l26._.js:2431
[  228994ms] [INFO] %cDownload the React DevTools for a better development experience: https://react.dev/link/react-devtools font-weight:bold @ http://localhost:3000/_next/static/chunks/0vq0_next_dist_0yp3l26._.js:2431
[  229006ms] [LOG] [HMR] connected @ http://localhost:3000/_next/static/chunks/0vq0_next_dist_0yp3l26._.js:2431
[  271549ms] [LOG] [Fast Refresh] rebuilding @ http://localhost:3000/_next/static/chunks/0vq0_next_dist_0yp3l26._.js:2431
[  271564ms] [WARNING] [HMR] Invalid message: {"isTrusted":true}
TypeError: Cannot convert undefined or null to object
    at Object.keys (<anonymous>)
    at extractModulesFromTurbopackMessage (http://localhost:3000/_next/static/chunks/0vq0_next_dist_client_0r4oaai._.js:13631:39)
    at TurbopackHmr.onTurbopackMessage (http://localhost:3000/_next/static/chunks/0vq0_next_dist_client_0r4oaai._.js:13578:32)
    at processMessage (http://localhost:3000/_next/static/chunks/0vq0_next_dist_client_0r4oaai._.js:13936:30)
    at WebSocket.handleMessage (http://localhost:3000/_next/static/chunks/0vq0_next_dist_client_0r4oaai._.js:13335:52) @ http://localhost:3000/_next/static/chunks/0vq0_next_dist_0yp3l26._.js:2431
[  271701ms] [LOG] [Fast Refresh] done in 57ms @ http://localhost:3000/_next/static/chunks/0vq0_next_dist_0yp3l26._.js:2431
[  271707ms] [WARNING] %c%s%c ⚠ metadataBase property in metadata export is not set for resolving social open graph or twitter images, using "http://localhost:3000". See https://nextjs.org/docs/app/api-reference/functions/generate-metadata#metadatabase background: #e6e6e6;background: light-dark(rgba(0,0,0,0.1), rgba(255,255,255,0.25));color: #000000;color: light-dark(#000000, #ffffff);border-radius: 2px  Server   @ http://localhost:3000/_next/static/chunks/0vq0_next_dist_0yp3l26._.js:2431
[  271844ms] ReferenceError: Pricing is not defined
    at Home (about://React/Server/file:///Users/oktaytopraksoy/Desktop/appiq/.next/dev/server/chunks/ssr/%5Broot-of-the-server%5D__0j73dji._.js?186:1470:293)
    at resolveErrorDev (http://localhost:3000/_next/static/chunks/0vq0_next_dist_compiled_react-server-dom-turbopack_0pw9lmj._.js:1919:105)
    at processFullStringRow (http://localhost:3000/_next/static/chunks/0vq0_next_dist_compiled_react-server-dom-turbopack_0pw9lmj._.js:2434:29)
    at processFullBinaryRow (http://localhost:3000/_next/static/chunks/0vq0_next_dist_compiled_react-server-dom-turbopack_0pw9lmj._.js:2393:9)
    at processBinaryChunk (http://localhost:3000/_next/static/chunks/0vq0_next_dist_compiled_react-server-dom-turbopack_0pw9lmj._.js:2502:221)
    at progress (http://localhost:3000/_next/static/chunks/0vq0_next_dist_compiled_react-server-dom-turbopack_0pw9lmj._.js:2689:13)
[  272463ms] [LOG] [Fast Refresh] rebuilding @ http://localhost:3000/_next/static/chunks/0vq0_next_dist_0yp3l26._.js:2431
[  272503ms] [LOG] [Fast Refresh] done in 16ms @ http://localhost:3000/_next/static/chunks/0vq0_next_dist_0yp3l26._.js:2431
[  272791ms] [INFO] %cDownload the React DevTools for a better development experience: https://react.dev/link/react-devtools font-weight:bold @ http://localhost:3000/_next/static/chunks/0vq0_next_dist_0yp3l26._.js:2431
[  272812ms] [LOG] [HMR] connected @ http://localhost:3000/_next/static/chunks/0vq0_next_dist_0yp3l26._.js:2431
[  352854ms] [LOG] [Fast Refresh] rebuilding @ http://localhost:3000/_next/static/chunks/0vq0_next_dist_0yp3l26._.js:2431
[  352879ms] [LOG] [Fast Refresh] done in 36ms @ http://localhost:3000/_next/static/chunks/0vq0_next_dist_0yp3l26._.js:2431
[  398482ms] [LOG] [Fast Refresh] rebuilding @ http://localhost:3000/_next/static/chunks/0vq0_next_dist_0yp3l26._.js:2431
[  398517ms] [LOG] [Fast Refresh] done in 41ms @ http://localhost:3000/_next/static/chunks/0vq0_next_dist_0yp3l26._.js:2431
[  413826ms] [LOG] [Fast Refresh] rebuilding @ http://localhost:3000/_next/static/chunks/0vq0_next_dist_0yp3l26._.js:2431
[  413940ms] [LOG] [Fast Refresh] done in 45ms @ http://localhost:3000/_next/static/chunks/0vq0_next_dist_0yp3l26._.js:2431
[  413941ms] [WARNING] %c%s%c ⚠ metadataBase property in metadata export is not set for resolving social open graph or twitter images, using "http://localhost:3000". See https://nextjs.org/docs/app/api-reference/functions/generate-metadata#metadatabase background: #e6e6e6;background: light-dark(rgba(0,0,0,0.1), rgba(255,255,255,0.25));color: #000000;color: light-dark(#000000, #ffffff);border-radius: 2px  Server   @ http://localhost:3000/_next/static/chunks/0vq0_next_dist_0yp3l26._.js:2431
[  414067ms] [LOG] [Fast Refresh] rebuilding @ http://localhost:3000/_next/static/chunks/0vq0_next_dist_0yp3l26._.js:2431
[  414067ms] [LOG] [Fast Refresh] done in 105ms @ http://localhost:3000/_next/static/chunks/0vq0_next_dist_0yp3l26._.js:2431
[  468480ms] [LOG] [Fast Refresh] rebuilding @ http://localhost:3000/_next/static/chunks/0vq0_next_dist_0yp3l26._.js:2431
[  468538ms] [LOG] [Fast Refresh] done in 28ms @ http://localhost:3000/_next/static/chunks/0vq0_next_dist_0yp3l26._.js:2431
[  504620ms] [LOG] [Fast Refresh] rebuilding @ http://localhost:3000/_next/static/chunks/0vq0_next_dist_0yp3l26._.js:2431
[  504685ms] [LOG] [Fast Refresh] done in 27ms @ http://localhost:3000/_next/static/chunks/0vq0_next_dist_0yp3l26._.js:2431
[  522476ms] [LOG] [Fast Refresh] rebuilding @ http://localhost:3000/_next/static/chunks/0vq0_next_dist_0yp3l26._.js:2431
[  522529ms] [LOG] [Fast Refresh] done in 21ms @ http://localhost:3000/_next/static/chunks/0vq0_next_dist_0yp3l26._.js:2431
[  537883ms] [LOG] [Fast Refresh] rebuilding @ http://localhost:3000/_next/static/chunks/0vq0_next_dist_0yp3l26._.js:2431
[  537929ms] [LOG] [Fast Refresh] done in 17ms @ http://localhost:3000/_next/static/chunks/0vq0_next_dist_0yp3l26._.js:2431
[  551237ms] [LOG] [Fast Refresh] rebuilding @ http://localhost:3000/_next/static/chunks/0vq0_next_dist_0yp3l26._.js:2431
[  551273ms] [LOG] [Fast Refresh] done in 20ms @ http://localhost:3000/_next/static/chunks/0vq0_next_dist_0yp3l26._.js:2431
[  552290ms] [LOG] [Fast Refresh] rebuilding @ http://localhost:3000/_next/static/chunks/0vq0_next_dist_0yp3l26._.js:2431
[  552331ms] [LOG] [Fast Refresh] done in 22ms @ http://localhost:3000/_next/static/chunks/0vq0_next_dist_0yp3l26._.js:2431
